---
source: src/main.rs
expression: examples
---
- - VerbatimRangedTag:
      name:
        - code
      parameters: []
      content:
        - Text: print
        - Special: (
        - Special: "\""
        - Text: Hello
        - Whitespace
        - Text: world
        - Special: "!"
        - Special: "\""
        - Special: )
        - SingleNewline
- - VerbatimRangedTag:
      name:
        - code
        - some-text
        - here
      parameters:
        - lua language
        - second-parameter
      content:
        - Text: print
        - Special: (
        - Special: "\""
        - Text: Hello
        - Whitespace
        - Text: world
        - Special: "!"
        - Special: "\""
        - Special: )
        - SingleNewline
- - VerbatimRangedTag:
      name:
        - some-complex_tag_
      parameters:
        - first-parameter
        - "#&*(&$!)"
        - third-parameter
      content:
        - Text: function
        - Whitespace
        - Text: hello
        - Special: (
        - Special: )
        - SingleNewline
        - Text: print
        - Special: (
        - Special: "\""
        - Text: Hello
        - Whitespace
        - Text: World
        - Special: "\""
        - Special: )
        - SingleNewline
        - Text: end
        - Newlines
        - Text: hello
        - Special: (
        - Special: )
        - SingleNewline
